{
  "version": "1.5.0",
  "plugins_used": [
    {
      "name": "ArtifactoryDetector"
    },
    {
      "name": "AWSKeyDetector"
    },
    {
      "name": "AzureStorageKeyDetector"
    },
    {
      "name": "Base64HighEntropyString",
      "limit": 4.5
    },
    {
      "name": "BasicAuthDetector"
    },
    {
      "name": "CloudantDetector"
    },
    {
      "name": "DiscordBotTokenDetector"
    },
    {
      "name": "GitHubTokenDetector"
    },
    {
      "name": "GitLabTokenDetector"
    },
    {
      "name": "HexHighEntropyString",
      "limit": 3.0
    },
    {
      "name": "IbmCloudIamDetector"
    },
    {
      "name": "IbmCosHmacDetector"
    },
    {
      "name": "IPPublicDetector"
    },
    {
      "name": "JwtTokenDetector"
    },
    {
      "name": "KeywordDetector",
      "keyword_exclude": ""
    },
    {
      "name": "MailchimpDetector"
    },
    {
      "name": "NpmDetector"
    },
    {
      "name": "OpenAIDetector"
    },
    {
      "name": "PrivateKeyDetector"
    },
    {
      "name": "PypiTokenDetector"
    },
    {
      "name": "SendGridDetector"
    },
    {
      "name": "SlackDetector"
    },
    {
      "name": "SoftlayerDetector"
    },
    {
      "name": "SquareOAuthDetector"
    },
    {
      "name": "StripeDetector"
    },
    {
      "name": "TelegramBotTokenDetector"
    },
    {
      "name": "TwilioKeyDetector"
    }
  ],
  "filters_used": [
    {
      "path": "detect_secrets.filters.allowlist.is_line_allowlisted"
    },
    {
      "path": "detect_secrets.filters.common.is_ignored_due_to_verification_policies",
      "min_level": 2
    },
    {
      "path": "detect_secrets.filters.heuristic.is_indirect_reference"
    },
    {
      "path": "detect_secrets.filters.heuristic.is_likely_id_string"
    },
    {
      "path": "detect_secrets.filters.heuristic.is_lock_file"
    },
    {
      "path": "detect_secrets.filters.heuristic.is_not_alphanumeric_string"
    },
    {
      "path": "detect_secrets.filters.heuristic.is_potential_uuid"
    },
    {
      "path": "detect_secrets.filters.heuristic.is_prefixed_with_dollar_sign"
    },
    {
      "path": "detect_secrets.filters.heuristic.is_sequential_string"
    },
    {
      "path": "detect_secrets.filters.heuristic.is_swagger_file"
    },
    {
      "path": "detect_secrets.filters.heuristic.is_templated_secret"
    }
  ],
  "results": {
    ".github/workflows/claude-code-manual.yml": [
      {
        "type": "Secret Keyword",
        "filename": ".github/workflows/claude-code-manual.yml",
        "hashed_secret": "f86962bc539cecb5aaa3a2b00c3a69ca3f0ce021",
        "is_verified": false,
        "line_number": 33
      }
    ],
    "README.md": [
      {
        "type": "Basic Auth Credentials",
        "filename": "README.md",
        "hashed_secret": "5baa61e4c9b93f3f0682250b6cf8331b7ee68fd8",
        "is_verified": false,
        "line_number": 105
      },
      {
        "type": "Secret Keyword",
        "filename": "README.md",
        "hashed_secret": "89a6cfe2a229151e8055abee107d45ed087bbb4f",
        "is_verified": false,
        "line_number": 283
      },
      {
        "type": "Secret Keyword",
        "filename": "README.md",
        "hashed_secret": "fff888918679e9c3323b54bd121fc328dae7bc60",
        "is_verified": false,
        "line_number": 284
      }
    ],
    "ai_agents/README.md": [
      {
        "type": "Secret Keyword",
        "filename": "ai_agents/README.md",
        "hashed_secret": "11fa7c37d697f30e6aee828b4426a10f83ab2380",
        "is_verified": false,
        "line_number": 59
      }
    ],
    "docs/SSH_CONNECTION_INSTRUCTIONS.md": [
      {
        "type": "Base64 High Entropy String",
        "filename": "docs/SSH_CONNECTION_INSTRUCTIONS.md",
        "hashed_secret": "20feaba62cab93a8c33a661e9ee678da08ea49b1",
        "is_verified": false,
        "line_number": 72
      },
      {
        "type": "Base64 High Entropy String",
        "filename": "docs/SSH_CONNECTION_INSTRUCTIONS.md",
        "hashed_secret": "4d04e4bc6038a5325fee1f2909865bde590b4d2a",
        "is_verified": false,
        "line_number": 89
      }
    ],
    "scripts/sync_to_linux_server.sh": [
      {
        "type": "Secret Keyword",
        "filename": "scripts/sync_to_linux_server.sh",
        "hashed_secret": "571b05d15f28e269aa6fd248807bad1da69ea2b6",
        "is_verified": false,
        "line_number": 7
      },
      {
        "type": "Base64 High Entropy String",
        "filename": "scripts/sync_to_linux_server.sh",
        "hashed_secret": "20feaba62cab93a8c33a661e9ee678da08ea49b1",
        "is_verified": false,
        "line_number": 9
      }
    ],
    "scripts/sync_via_tailscale.sh": [
      {
        "type": "Secret Keyword",
        "filename": "scripts/sync_via_tailscale.sh",
        "hashed_secret": "571b05d15f28e269aa6fd248807bad1da69ea2b6",
        "is_verified": false,
        "line_number": 6
      },
      {
        "type": "Base64 High Entropy String",
        "filename": "scripts/sync_via_tailscale.sh",
        "hashed_secret": "20feaba62cab93a8c33a661e9ee678da08ea49b1",
        "is_verified": false,
        "line_number": 9
      }
    ],
    "scripts/test_github_integration.py": [
      {
        "type": "Secret Keyword",
        "filename": "scripts/test_github_integration.py",
        "hashed_secret": "4daacf467b669190474ef81bb6064409074361b4",
        "is_verified": false,
        "line_number": 82
      },
      {
        "type": "Secret Keyword",
        "filename": "scripts/test_github_integration.py",
        "hashed_secret": "23e49480e7ce468b5cf1644ccb9c1d4d2205a8b3",
        "is_verified": false,
        "line_number": 83
      }
    ],
    "sync_to_server.sh": [
      {
        "type": "Base64 High Entropy String",
        "filename": "sync_to_server.sh",
        "hashed_secret": "20feaba62cab93a8c33a661e9ee678da08ea49b1",
        "is_verified": false,
        "line_number": 7
      },
      {
        "type": "Secret Keyword",
        "filename": "sync_to_server.sh",
        "hashed_secret": "571b05d15f28e269aa6fd248807bad1da69ea2b6",
        "is_verified": false,
        "line_number": 9
      }
    ],
    "test_integration.py": [
      {
        "type": "Secret Keyword",
        "filename": "test_integration.py",
        "hashed_secret": "fb9320af609859a5a5f3716d713ce936dd2a17db",
        "is_verified": false,
        "line_number": 18
      }
    ],
    "web/api/endpoints/auth.py": [
      {
        "type": "Secret Keyword",
        "filename": "web/api/endpoints/auth.py",
        "hashed_secret": "29b8dca3de5ff27bcf8bd3b622adf9970f29381c",
        "is_verified": false,
        "line_number": 32
      }
    ],
    "web/config/web_config.yaml": [
      {
        "type": "Secret Keyword",
        "filename": "web/config/web_config.yaml",
        "hashed_secret": "b42c1166aa6b91895221eae1b612cca07c78bfb8",
        "is_verified": false,
        "line_number": 86
      }
    ]
  },
  "generated_at": "2025-07-29T13:49:04Z"
}
